{
    "Method": "GET",
    "Operation": "get2",
    "Path": "/canonical/accountmanagement/accounts/1/movements",
    "URI": "http://account-movements-canonical-ace-monitoringprofile-normal.apps.ocpsbx.grupoib.local/canonical/accountmanagement/accounts/1/movements",
    "Parameters": {
        "accountNumber": "7003259185",
        "bank": "03",
        "branchCode": "898",
        "currency": "604",
        "parent-id": "0018-mb-bff-ms",
        "product": "11",
        "sequenceNumber": "0",
        "subProduct": "205",
        "trace-id": "33694464"
    }
}